
> frontend@0.0.0 build
> vite build

vite v8.0.9 building client environment for production...
[2Ktransforming...✓ 2408 modules transformed.
rendering chunks...
computing gzip size...
dist/index.html                   0.45 kB │ gzip:   0.29 kB
dist/assets/index-C8r0q93G.css    8.38 kB │ gzip:   2.32 kB
dist/assets/index-CLYbqCiU.js   744.37 kB │ gzip: 228.27 kB

✓ built in 657ms
[plugin builtin:vite-reporter] 
(!) Some chunks are larger than 500 kB after minification. Consider:
- Using dynamic import() to code-split the application
- Use build.rolldownOptions.output.codeSplitting to improve chunking: https://rolldown.rs/reference/OutputOptions.codeSplitting
- Adjust chunk size limit for this warning via build.chunkSizeWarningLimit.
